1 there once was a fellow from perth
2 who was born on the day of his birth
3 he was married they say
4 on his wife's wedding day
5 and he died his last day on this earth
6
7 of all the fishes in the stream
8 i'd like to be a bass
9 to swim along the riverbed
10 upon my little ...fins