many spaces on this line!
some on this one as well !!!!